Medicago_truncatula
Cercis_canadensis
Chamaecrista_fasciculata
Faidherbia_albida
Mimosa_pudica
Ammopiptanthus_nanus
Lupinus_angustifolius
Nissolia_schottii
Arachis_monticola
Arachis_duranensis
Arachis_ipaensis
Lotus_japonicus
Glycyrrhiza_uralensis
Cicer_arietinum
Cicer_reticulatum
Trifolium_pratense
Trifolium_subterranum
Cajanus_cajan
Glycine_max
Glycine_soja
Lablab_purpureus
Phaseolus_vulgaris
Vigna_subterranea
Vigna_angularis
Vigna_radiata
Discaria_trinervis
Ziziphus_jujuba
Boehmeria_nivea
Ficus_carica
Morus_notabilis
Artocarpus_camansi
Parasponia_andersonii
Trema_orientalis
Cannabis_sativa
Humulus_lupulus
Purshia_tridentata
Dryas_drummondii
Dryas_octopetala
Rubus_occidentalis
Rosa_chinensis
Rosa_multiflora
Potentilla_micrantha
Fragaria_vesca
Fragaria_x_ananassa
Malus_x_domestica
Pyrus_communis
Pyrus_bretschneideri
Prunus_avium
Prunus_yedoensis
Prunus_mume
Prunus_persica
Begonia_fuchsioides
Datisca_glomerata
Momordica_charantia
Siraitia_grosvenorii
Cucurbita_maxima
Cucurbita_pepo
Cucurbita_argyrosperma
Cucurbita_moschata
Cucumis_melo
Cucumis_sativus
Citrullus_lanatus
Lagenaria_siceraria
Fagus_sylvatica
Quercus_suber
Quercus_lobata
Quercus_robur
Casuarina_equisetifolia
Casuarina_glauca
Alnus_glutinosa
Betula_pendula
Betula_nana
Morella_rubra
Pterocarya_stenoptera
Juglans_regia
Juglans_sigillata
Juglans_cathayensis
Juglans_hindsii
Juglans_microcarpa
Juglans_nigra
